[pod/audio-worker-745fd54c98-7488x/audio-worker] 2026-10-06T12:14:58.002+00:00 INFO  diarization.job.started role=audio-worker pod=audio-worker-745fd54c98-7488x jobId=eb2fcac9-26af-4f8c-82ab-bb7efbeadc03 attempt=1 sessionId=sess-9513235c-a28e-4c86-99bf-335332a09c54 owner=gateway-7bffeca6-649a-47e6-8354-e370a0522313
[pod/audio-worker-745fd54c98-7488x/audio-worker] 2026-10-06T12:14:58.777+00:00 INFO  diarization.job.completed role=audio-worker pod=audio-worker-745fd54c98-7488x jobId=eb2fcac9-26af-4f8c-82ab-bb7efbeadc03 attempt=1 durationMs=775 turns=1
[pod/audio-worker-745fd54c98-7488x/audio-worker] 2026-10-06T12:15:00.002+00:00 INFO  diarization.job.started role=audio-worker pod=audio-worker-745fd54c98-7488x jobId=abe55754-bd20-4e38-bdfd-681c003ea54f attempt=1 sessionId=sess-10d9cf69-0881-4c24-b073-11d9717653c2 owner=gateway-7bffeca6-649a-47e6-8354-e370a0522313
[pod/audio-worker-745fd54c98-7488x/audio-worker] 2026-10-06T12:15:00.758+00:00 INFO  diarization.job.completed role=audio-worker pod=audio-worker-745fd54c98-7488x jobId=abe55754-bd20-4e38-bdfd-681c003ea54f attempt=1 durationMs=756 turns=1
[pod/audio-worker-745fd54c98-7488x/audio-worker] 2026-10-06T12:15:02.002+00:00 INFO  diarization.job.started role=audio-worker pod=audio-worker-745fd54c98-7488x jobId=a3e4852e-1efd-48e3-8133-24477f6a5302 attempt=1 sessionId=sess-2373c7fb-d21b-48e2-9dd9-d172069ab2d7 owner=gateway-7bffeca6-649a-47e6-8354-e370a0522313
[pod/audio-worker-745fd54c98-7488x/audio-worker] 2026-10-06T12:15:02.761+00:00 INFO  diarization.job.completed role=audio-worker pod=audio-worker-745fd54c98-7488x jobId=a3e4852e-1efd-48e3-8133-24477f6a5302 attempt=1 durationMs=759 turns=1
[pod/audio-worker-745fd54c98-7488x/audio-worker] 2026-10-06T12:15:04.003+00:00 INFO  diarization.job.started role=audio-worker pod=audio-worker-745fd54c98-7488x jobId=63f04b03-223b-4e7b-9996-b6b55f3635aa attempt=1 sessionId=sess-364a21a7-2961-4b0b-b46e-ac8e7cbaafbc owner=gateway-7bffeca6-649a-47e6-8354-e370a0522313
[pod/audio-worker-745fd54c98-7488x/audio-worker] 2026-10-06T12:15:04.761+00:00 INFO  diarization.job.completed role=audio-worker pod=audio-worker-745fd54c98-7488x jobId=63f04b03-223b-4e7b-9996-b6b55f3635aa attempt=1 durationMs=758 turns=1
[pod/audio-worker-745fd54c98-7488x/audio-worker] 2026-10-06T12:15:06.002+00:00 INFO  diarization.job.started role=audio-worker pod=audio-worker-745fd54c98-7488x jobId=109fc119-4ba7-4f0c-814e-9f82121aeb7f attempt=1 sessionId=sess-fd59ad71-4738-4eb9-98bf-611f6283948d owner=gateway-7bffeca6-649a-47e6-8354-e370a0522313
[pod/audio-worker-745fd54c98-7488x/audio-worker] 2026-10-06T12:15:06.759+00:00 INFO  diarization.job.completed role=audio-worker pod=audio-worker-745fd54c98-7488x jobId=109fc119-4ba7-4f0c-814e-9f82121aeb7f attempt=1 durationMs=757 turns=1
[pod/audio-worker-745fd54c98-c9s2q/audio-worker] 2026-10-06T12:14:58.603+00:00 INFO  diarization.job.started role=audio-worker pod=audio-worker-745fd54c98-c9s2q jobId=761028c2-ec04-4ab8-acdb-4af30c23da2f attempt=1 sessionId=sess-03507057-c4bc-4527-8929-b3e7ad246cc1 owner=gateway-01154132-9e11-4d40-b42a-d3396658ff65
[pod/audio-worker-745fd54c98-c9s2q/audio-worker] 2026-10-06T12:14:59.361+00:00 INFO  diarization.job.completed role=audio-worker pod=audio-worker-745fd54c98-c9s2q jobId=761028c2-ec04-4ab8-acdb-4af30c23da2f attempt=1 durationMs=758 turns=1
[pod/audio-worker-745fd54c98-c9s2q/audio-worker] 2026-10-06T12:15:00.603+00:00 INFO  diarization.job.started role=audio-worker pod=audio-worker-745fd54c98-c9s2q jobId=8e6308a5-eff9-4cfe-ac2c-d7b5c233e65c attempt=1 sessionId=sess-8e73bd87-674c-4ae6-8323-d7099559d892 owner=gateway-01154132-9e11-4d40-b42a-d3396658ff65
[pod/audio-worker-745fd54c98-c9s2q/audio-worker] 2026-10-06T12:15:01.361+00:00 INFO  diarization.job.completed role=audio-worker pod=audio-worker-745fd54c98-c9s2q jobId=8e6308a5-eff9-4cfe-ac2c-d7b5c233e65c attempt=1 durationMs=758 turns=1
[pod/audio-worker-745fd54c98-c9s2q/audio-worker] 2026-10-06T12:15:02.603+00:00 INFO  diarization.job.started role=audio-worker pod=audio-worker-745fd54c98-c9s2q jobId=81cce315-7198-40ed-8c56-3146f722fe71 attempt=1 sessionId=sess-c368761d-4ea3-404f-9933-bd3ecb5b55f8 owner=gateway-01154132-9e11-4d40-b42a-d3396658ff65
[pod/audio-worker-745fd54c98-c9s2q/audio-worker] 2026-10-06T12:15:03.359+00:00 INFO  diarization.job.completed role=audio-worker pod=audio-worker-745fd54c98-c9s2q jobId=81cce315-7198-40ed-8c56-3146f722fe71 attempt=1 durationMs=756 turns=1
[pod/audio-worker-745fd54c98-c9s2q/audio-worker] 2026-10-06T12:15:04.603+00:00 INFO  diarization.job.started role=audio-worker pod=audio-worker-745fd54c98-c9s2q jobId=f35002e7-f571-4167-baad-072ae51ae7a4 attempt=1 sessionId=sess-13cf3130-cc8e-4d6d-b712-925e15a52712 owner=gateway-01154132-9e11-4d40-b42a-d3396658ff65
[pod/audio-worker-745fd54c98-c9s2q/audio-worker] 2026-10-06T12:15:05.359+00:00 INFO  diarization.job.completed role=audio-worker pod=audio-worker-745fd54c98-c9s2q jobId=f35002e7-f571-4167-baad-072ae51ae7a4 attempt=1 durationMs=756 turns=1
[pod/audio-worker-745fd54c98-c9s2q/audio-worker] 2026-10-06T12:15:06.603+00:00 INFO  diarization.job.started role=audio-worker pod=audio-worker-745fd54c98-c9s2q jobId=219abb92-c8e4-43a7-94d8-7be9146ce829 attempt=1 sessionId=sess-fdf62a61-4827-480f-86ad-407ecde644f3 owner=gateway-01154132-9e11-4d40-b42a-d3396658ff65
[pod/audio-worker-745fd54c98-c9s2q/audio-worker] 2026-10-06T12:15:07.364+00:00 INFO  diarization.job.completed role=audio-worker pod=audio-worker-745fd54c98-c9s2q jobId=219abb92-c8e4-43a7-94d8-7be9146ce829 attempt=1 durationMs=761 turns=1
