deployment.apps/gateway scaled
deployment "gateway" successfully rolled out
rollout-start 2026-10-05T15:49:14Z
deployment.apps/gateway restarted
Waiting for deployment "gateway" rollout to finish: 1 out of 2 new replicas have been updated...
Waiting for deployment "gateway" rollout to finish: 1 out of 2 new replicas have been updated...
Waiting for deployment "gateway" rollout to finish: 1 out of 2 new replicas have been updated...
Waiting for deployment "gateway" rollout to finish: 1 out of 2 new replicas have been updated...
Waiting for deployment "gateway" rollout to finish: 1 old replicas are pending termination...
Waiting for deployment "gateway" rollout to finish: 1 old replicas are pending termination...
Waiting for deployment "gateway" rollout to finish: 1 old replicas are pending termination...
deployment "gateway" successfully rolled out
rollout-end 2026-10-05T15:49:30Z
rollout-start 2026-10-05T15:49:35Z
deployment.apps/gateway restarted
Waiting for deployment "gateway" rollout to finish: 1 out of 2 new replicas have been updated...
Waiting for deployment "gateway" rollout to finish: 1 out of 2 new replicas have been updated...
Waiting for deployment "gateway" rollout to finish: 1 out of 2 new replicas have been updated...
Waiting for deployment "gateway" rollout to finish: 1 out of 2 new replicas have been updated...
Waiting for deployment "gateway" rollout to finish: 1 out of 2 new replicas have been updated...
Waiting for deployment "gateway" rollout to finish: 1 old replicas are pending termination...
Waiting for deployment "gateway" rollout to finish: 1 old replicas are pending termination...
Waiting for deployment "gateway" rollout to finish: 1 old replicas are pending termination...
deployment "gateway" successfully rolled out
rollout-end 2026-10-05T15:49:52Z
experiment/k8s-rollout-multi-pod-2026-10-05/run-phase.sh: line 43: 37242 Terminated: 15          ( while true; do
    date -u '+%Y-%m-%dT%H:%M:%SZ'; kubectl --context "$CTX" -n "$NS" get pods -l app=gateway -o wide; sleep 2;
done ) > "$ROOT/results/$NAME-pod-timeline.log"
