deployment.apps/gateway scaled
deployment "gateway" successfully rolled out
rollout-start 2026-10-05T15:46:07Z
deployment.apps/gateway restarted
Waiting for deployment "gateway" rollout to finish: 1 out of 4 new replicas have been updated...
Waiting for deployment "gateway" rollout to finish: 1 out of 4 new replicas have been updated...
Waiting for deployment "gateway" rollout to finish: 1 out of 4 new replicas have been updated...
Waiting for deployment "gateway" rollout to finish: 1 out of 4 new replicas have been updated...
Waiting for deployment "gateway" rollout to finish: 2 out of 4 new replicas have been updated...
Waiting for deployment "gateway" rollout to finish: 2 out of 4 new replicas have been updated...
Waiting for deployment "gateway" rollout to finish: 2 out of 4 new replicas have been updated...
Waiting for deployment "gateway" rollout to finish: 3 out of 4 new replicas have been updated...
Waiting for deployment "gateway" rollout to finish: 3 out of 4 new replicas have been updated...
Waiting for deployment "gateway" rollout to finish: 3 out of 4 new replicas have been updated...
Waiting for deployment "gateway" rollout to finish: 3 out of 4 new replicas have been updated...
Waiting for deployment "gateway" rollout to finish: 3 out of 4 new replicas have been updated...
Waiting for deployment "gateway" rollout to finish: 1 old replicas are pending termination...
Waiting for deployment "gateway" rollout to finish: 1 old replicas are pending termination...
Waiting for deployment "gateway" rollout to finish: 1 old replicas are pending termination...
Waiting for deployment "gateway" rollout to finish: 1 old replicas are pending termination...
deployment "gateway" successfully rolled out
rollout-end 2026-10-05T15:46:42Z
rollout-start 2026-10-05T15:46:48Z
deployment.apps/gateway restarted
Waiting for deployment "gateway" rollout to finish: 1 out of 4 new replicas have been updated...
Waiting for deployment "gateway" rollout to finish: 1 out of 4 new replicas have been updated...
Waiting for deployment "gateway" rollout to finish: 1 out of 4 new replicas have been updated...
Waiting for deployment "gateway" rollout to finish: 1 out of 4 new replicas have been updated...
Waiting for deployment "gateway" rollout to finish: 1 out of 4 new replicas have been updated...
Waiting for deployment "gateway" rollout to finish: 2 out of 4 new replicas have been updated...
Waiting for deployment "gateway" rollout to finish: 2 out of 4 new replicas have been updated...
Waiting for deployment "gateway" rollout to finish: 2 out of 4 new replicas have been updated...
Waiting for deployment "gateway" rollout to finish: 2 out of 4 new replicas have been updated...
Waiting for deployment "gateway" rollout to finish: 3 out of 4 new replicas have been updated...
Waiting for deployment "gateway" rollout to finish: 3 out of 4 new replicas have been updated...
Waiting for deployment "gateway" rollout to finish: 3 out of 4 new replicas have been updated...
Waiting for deployment "gateway" rollout to finish: 3 out of 4 new replicas have been updated...
Waiting for deployment "gateway" rollout to finish: 3 out of 4 new replicas have been updated...
Waiting for deployment "gateway" rollout to finish: 1 old replicas are pending termination...
Waiting for deployment "gateway" rollout to finish: 1 old replicas are pending termination...
Waiting for deployment "gateway" rollout to finish: 1 old replicas are pending termination...
Waiting for deployment "gateway" rollout to finish: 1 old replicas are pending termination...
deployment "gateway" successfully rolled out
rollout-end 2026-10-05T15:47:21Z
experiment/k8s-rollout-multi-pod-2026-10-05/run-phase.sh: line 43: 36813 Terminated: 15          ( while true; do
    date -u '+%Y-%m-%dT%H:%M:%SZ'; kubectl --context "$CTX" -n "$NS" get pods -l app=gateway -o wide; sleep 2;
done ) > "$ROOT/results/$NAME-pod-timeline.log"
