DEPRECATED: The legacy builder is deprecated and will be removed in a future release.
            Install the buildx component to build images with BuildKit:
            https://docs.docker.com/go/buildx/

Sending build context to Docker daemon  117.6MB
Step 1/22 : FROM node:22-bookworm-slim AS build
 ---> 43ac6c60b8f8
Step 2/22 : WORKDIR /app
 ---> Using cache
 ---> 1d6dfc56a002
Step 3/22 : ARG NPM_REGISTRY
 ---> Using cache
 ---> 055bbdb1fd85
Step 4/22 : COPY package.json package-lock.json ./
 ---> Using cache
 ---> 6d44719b95a7
Step 5/22 : COPY dependencies/npm ./dependencies/npm
 ---> Using cache
 ---> 76f065a48fb7
Step 6/22 : RUN test -n "$NPM_REGISTRY"     && npm ci --ignore-scripts --no-audit --no-fund        --registry="$NPM_REGISTRY" --replace-registry-host=npmjs
 ---> Using cache
 ---> 53156516ac9c
Step 7/22 : COPY . .
 ---> c187c9b308b0
Step 8/22 : RUN npm run build
 ---> Running in 9ff9c685252d

> s2t-ui@0.1.0 build
> electron-vite build

vite v7.3.6 building ssr environment for production...
transforming...
✓ 1 modules transformed.
rendering chunks...
out/main/index.js  41.73 kB
✓ built in 83ms
vite v7.3.6 building ssr environment for production...
transforming...
✓ 1 modules transformed.
rendering chunks...
out/preload/index.js  3.19 kB
✓ built in 8ms
vite v7.3.6 building client environment for production...
transforming...
✓ 79 modules transformed.
rendering chunks...
../../out/renderer/assets/favicon-FhZgbRE8.svg      0.31 kB
../../out/renderer/index.html                       0.48 kB
../../out/renderer/assets/index-ZH3L4o2k.css      102.44 kB
../../out/renderer/assets/index-C55M2yDJ.js     2,614.13 kB
✓ built in 2.46s
 ---> Removed intermediate container 9ff9c685252d
 ---> ceefe1f04d5c
Step 9/22 : FROM node:22-bookworm-slim
 ---> 43ac6c60b8f8
Step 10/22 : WORKDIR /app
 ---> Using cache
 ---> 1d6dfc56a002
Step 11/22 : ARG NPM_REGISTRY
 ---> Using cache
 ---> 055bbdb1fd85
Step 12/22 : ENV NODE_ENV=production     S2T_WEB_PORT=8787     S2T_MODELS_DIR=/models
 ---> Using cache
 ---> 9335c075d7f3
Step 13/22 : COPY package.json package-lock.json ./
 ---> Using cache
 ---> 529d5ca20227
Step 14/22 : COPY dependencies/npm ./dependencies/npm
 ---> Using cache
 ---> b44b830a7f59
Step 15/22 : COPY dependencies/ffmpeg-static /opt/s2t-dependencies/ffmpeg-static
 ---> Using cache
 ---> e4c5c7391bbc
Step 16/22 : RUN test -n "$NPM_REGISTRY"     && npm ci --omit=dev --ignore-scripts --no-audit --no-fund        --registry="$NPM_REGISTRY" --replace-registry-host=npmjs     && install -m 0755 /opt/s2t-dependencies/ffmpeg-static/ffmpeg-linux-$(node -p process.arch) node_modules/ffmpeg-static/ffmpeg
 ---> Using cache
 ---> b5f1b30c8415
Step 17/22 : COPY --from=build /app/out ./out
 ---> 908fe2bcbdb8
Step 18/22 : COPY server ./server
 ---> f42d96e1096d
Step 19/22 : COPY scripts/storage/migrate-schema.cjs ./scripts/storage/migrate-schema.cjs
 ---> b698ce2ef037
Step 20/22 : COPY icon ./icon
 ---> 8e09e6c74864
Step 21/22 : EXPOSE 8787
 ---> Running in d60352c560f4
 ---> Removed intermediate container d60352c560f4
 ---> f279f34d9dbe
Step 22/22 : CMD ["node", "server/index.cjs"]
 ---> Running in 8bba7168906a
 ---> Removed intermediate container 8bba7168906a
 ---> 11efe3f35da6
Successfully built 11efe3f35da6
Successfully tagged s2t-stress:20261006-vad-backlog2
