DEPRECATED: The legacy builder is deprecated and will be removed in a future release.
            Install the buildx component to build images with BuildKit:
            https://docs.docker.com/go/buildx/

Sending build context to Docker daemon  117.6MB
Step 1/22 : FROM node:22-bookworm-slim AS build
22-bookworm-slim: Pulling from library/node
bffeab763936: Download complete
792bb61beb91: Download complete
Digest: sha256:43ac6c60b8f89723f746e8a92ce91abd5017e627ce1ddfe4238355d3a30b772c
Status: Downloaded newer image for node:22-bookworm-slim
 ---> 43ac6c60b8f8
Step 2/22 : WORKDIR /app
 ---> Running in 212fe874a6c2
 ---> Removed intermediate container 212fe874a6c2
 ---> 1d6dfc56a002
Step 3/22 : ARG NPM_REGISTRY
 ---> Running in 52534811d812
 ---> Removed intermediate container 52534811d812
 ---> 055bbdb1fd85
Step 4/22 : COPY package.json package-lock.json ./
 ---> 6d44719b95a7
Step 5/22 : COPY dependencies/npm ./dependencies/npm
 ---> 76f065a48fb7
Step 6/22 : RUN test -n "$NPM_REGISTRY"     && npm ci --ignore-scripts --no-audit --no-fund        --registry="$NPM_REGISTRY" --replace-registry-host=npmjs
 ---> Running in e9d2ed76f889
[91mnpm notice
npm notice New major version of npm available! 10.9.9 -> 12.2.0
npm notice Changelog: https://github.com/npm/cli/releases/tag/v12.2.0
npm notice To update run: npm install -g npm@12.2.0
npm notice
[0m
added 209 packages in 20s
 ---> Removed intermediate container e9d2ed76f889
 ---> 53156516ac9c
Step 7/22 : COPY . .
 ---> c64463fa4510
Step 8/22 : RUN npm run build
 ---> Running in 108cf4cc9d80

> s2t-ui@0.1.0 build
> electron-vite build

vite v7.3.6 building ssr environment for production...
transforming...
✓ 1 modules transformed.
rendering chunks...
out/main/index.js  41.73 kB
✓ built in 134ms
vite v7.3.6 building ssr environment for production...
transforming...
✓ 1 modules transformed.
rendering chunks...
out/preload/index.js  3.19 kB
✓ built in 17ms
vite v7.3.6 building client environment for production...
transforming...
✓ 78 modules transformed.
rendering chunks...
../../out/renderer/assets/favicon-FhZgbRE8.svg      0.31 kB
../../out/renderer/index.html                       0.48 kB
../../out/renderer/assets/index-ZH3L4o2k.css      102.44 kB
../../out/renderer/assets/index-CbBwC5TC.js     2,608.88 kB
✓ built in 3.12s
 ---> Removed intermediate container 108cf4cc9d80
 ---> 3309728d7ae3
Step 9/22 : FROM node:22-bookworm-slim
 ---> 43ac6c60b8f8
Step 10/22 : WORKDIR /app
 ---> Using cache
 ---> 1d6dfc56a002
Step 11/22 : ARG NPM_REGISTRY
 ---> Using cache
 ---> 055bbdb1fd85
Step 12/22 : ENV NODE_ENV=production     S2T_WEB_PORT=8787     S2T_MODELS_DIR=/models
 ---> Running in 269656367ebb
 ---> Removed intermediate container 269656367ebb
 ---> 9335c075d7f3
Step 13/22 : COPY package.json package-lock.json ./
 ---> 529d5ca20227
Step 14/22 : COPY dependencies/npm ./dependencies/npm
 ---> b44b830a7f59
Step 15/22 : COPY dependencies/ffmpeg-static /opt/s2t-dependencies/ffmpeg-static
 ---> e4c5c7391bbc
Step 16/22 : RUN test -n "$NPM_REGISTRY"     && npm ci --omit=dev --ignore-scripts --no-audit --no-fund        --registry="$NPM_REGISTRY" --replace-registry-host=npmjs     && install -m 0755 /opt/s2t-dependencies/ffmpeg-static/ffmpeg-linux-$(node -p process.arch) node_modules/ffmpeg-static/ffmpeg
 ---> Running in 84915e29793c

added 140 packages in 16s
[91mnpm notice
npm notice New major version of npm available! 10.9.9 -> 12.2.0
npm notice Changelog: https://github.com/npm/cli/releases/tag/v12.2.0
npm notice To update run: npm install -g npm@12.2.0
npm notice
[0m ---> Removed intermediate container 84915e29793c
 ---> b5f1b30c8415
Step 17/22 : COPY --from=build /app/out ./out
 ---> 02fca80bcd89
Step 18/22 : COPY server ./server
 ---> 765a623f3fad
Step 19/22 : COPY scripts/storage/migrate-schema.cjs ./scripts/storage/migrate-schema.cjs
 ---> 3f0181260a5f
Step 20/22 : COPY icon ./icon
 ---> bfa285dc4331
Step 21/22 : EXPOSE 8787
 ---> Running in debb0052aa63
 ---> Removed intermediate container debb0052aa63
 ---> cf5bd0d932c6
Step 22/22 : CMD ["node", "server/index.cjs"]
 ---> Running in 83f87fc6bd0d
 ---> Removed intermediate container 83f87fc6bd0d
 ---> b48085a2f425
Successfully built b48085a2f425
Successfully tagged s2t-stress:20261005-fixed
