1:X 05 Oct 2026 14:37:51.694 * oO0OoO0OoO0Oo Redis is starting oO0OoO0OoO0Oo
1:X 05 Oct 2026 14:37:51.694 * Redis version=7.4.11, bits=64, commit=00000000, modified=0, pid=1, just started
1:X 05 Oct 2026 14:37:51.694 * Configuration loaded
1:X 05 Oct 2026 14:37:51.694 * Increased maximum number of open files to 10032 (it was originally set to 1024).
1:X 05 Oct 2026 14:37:51.695 * monotonic clock: POSIX clock_gettime
1:X 05 Oct 2026 14:37:51.695 * Running mode=sentinel, port=26379.
1:X 05 Oct 2026 14:37:51.697 * Sentinel new configuration saved on disk
1:X 05 Oct 2026 14:37:51.697 * Sentinel ID is e90163d8cdfef254d59e7268598556c9960c8a0f
1:X 05 Oct 2026 14:37:51.697 # +monitor master s2t-stress-master 10.42.0.18 6379 quorum 2
1:X 05 Oct 2026 14:37:51.698 * +slave slave 10.42.0.20:6379 10.42.0.20 6379 @ s2t-stress-master 10.42.0.18 6379
1:X 05 Oct 2026 14:37:51.699 * Sentinel new configuration saved on disk
1:X 05 Oct 2026 14:37:52.412 # +tilt #tilt mode entered
1:X 05 Oct 2026 14:37:55.602 * +sentinel sentinel 47ae4d3625f811450377750de02c31e45a251a3c 10.42.0.24 26379 @ s2t-stress-master 10.42.0.18 6379
1:X 05 Oct 2026 14:37:55.605 * Sentinel new configuration saved on disk
1:X 05 Oct 2026 14:37:56.545 * +sentinel sentinel 73a0cc2fd6049ed76d89256c7d2b789178ac9410 10.42.0.25 26379 @ s2t-stress-master 10.42.0.18 6379
1:X 05 Oct 2026 14:37:56.548 * Sentinel new configuration saved on disk
1:X 05 Oct 2026 14:38:01.761 * +slave slave 10.42.0.23:6379 10.42.0.23 6379 @ s2t-stress-master 10.42.0.18 6379
1:X 05 Oct 2026 14:38:01.763 * Sentinel new configuration saved on disk
1:X 05 Oct 2026 14:38:02.420 # +tilt #tilt mode entered
1:X 05 Oct 2026 14:38:12.467 # +tilt #tilt mode entered
1:X 05 Oct 2026 14:38:22.463 # +tilt #tilt mode entered
1:X 05 Oct 2026 14:38:32.405 # +tilt #tilt mode entered
1:X 05 Oct 2026 14:38:42.446 # +tilt #tilt mode entered
1:X 05 Oct 2026 14:38:52.472 # +tilt #tilt mode entered
1:X 05 Oct 2026 14:39:02.462 # +tilt #tilt mode entered
1:X 05 Oct 2026 14:39:12.440 # +tilt #tilt mode entered
1:X 05 Oct 2026 14:39:22.438 # +tilt #tilt mode entered
1:X 05 Oct 2026 14:39:32.403 # +tilt #tilt mode entered
1:X 05 Oct 2026 14:39:42.427 # +tilt #tilt mode entered
1:X 05 Oct 2026 14:40:02.419 # +tilt #tilt mode entered
1:X 05 Oct 2026 14:40:12.413 # +tilt #tilt mode entered
1:X 05 Oct 2026 14:40:22.446 # +tilt #tilt mode entered
1:X 05 Oct 2026 14:40:32.418 # +tilt #tilt mode entered
1:X 05 Oct 2026 14:40:42.462 # +tilt #tilt mode entered
1:X 05 Oct 2026 14:40:52.408 # +tilt #tilt mode entered
1:X 05 Oct 2026 14:41:02.409 # +tilt #tilt mode entered
1:X 05 Oct 2026 14:41:12.454 # +tilt #tilt mode entered
1:X 05 Oct 2026 14:41:32.407 # +tilt #tilt mode entered
1:X 05 Oct 2026 14:41:42.425 # +tilt #tilt mode entered
1:X 05 Oct 2026 14:41:52.435 # +tilt #tilt mode entered
1:X 05 Oct 2026 14:42:02.493 # +tilt #tilt mode entered
1:X 05 Oct 2026 14:42:12.398 # +tilt #tilt mode entered
1:X 05 Oct 2026 14:42:22.421 # +tilt #tilt mode entered
1:X 05 Oct 2026 14:42:32.456 # +tilt #tilt mode entered
1:X 05 Oct 2026 14:42:42.404 # +tilt #tilt mode entered
1:X 05 Oct 2026 14:42:52.457 # +tilt #tilt mode entered
1:X 05 Oct 2026 14:43:02.435 # +tilt #tilt mode entered
1:X 05 Oct 2026 14:43:12.422 # +tilt #tilt mode entered
1:X 05 Oct 2026 14:43:22.402 # +tilt #tilt mode entered
1:X 05 Oct 2026 14:43:32.464 # +tilt #tilt mode entered
1:X 05 Oct 2026 14:43:42.449 # +tilt #tilt mode entered
1:X 05 Oct 2026 14:44:02.404 # +tilt #tilt mode entered
1:X 05 Oct 2026 14:44:12.453 # +tilt #tilt mode entered
1:X 05 Oct 2026 14:44:32.433 # +tilt #tilt mode entered
1:X 05 Oct 2026 14:44:42.440 # +tilt #tilt mode entered
1:X 05 Oct 2026 14:44:52.469 # +tilt #tilt mode entered
1:X 05 Oct 2026 14:45:02.456 # +tilt #tilt mode entered
1:X 05 Oct 2026 14:45:12.492 # +tilt #tilt mode entered
1:X 05 Oct 2026 14:45:22.447 # +tilt #tilt mode entered
1:X 05 Oct 2026 14:45:32.410 # +tilt #tilt mode entered
1:X 05 Oct 2026 14:46:02.435 # -tilt #tilt mode exited
1:X 05 Oct 2026 14:46:22.423 # +tilt #tilt mode entered
1:X 05 Oct 2026 14:46:32.417 # +tilt #tilt mode entered
1:X 05 Oct 2026 14:47:02.422 # -tilt #tilt mode exited
1:X 05 Oct 2026 14:47:12.456 # +tilt #tilt mode entered
1:X 05 Oct 2026 14:47:22.424 # +tilt #tilt mode entered
1:X 05 Oct 2026 14:47:52.471 # -tilt #tilt mode exited
1:X 05 Oct 2026 14:47:52.435 # +tilt #tilt mode entered
1:X 05 Oct 2026 14:48:02.435 # +tilt #tilt mode entered
1:X 05 Oct 2026 14:48:12.407 # +tilt #tilt mode entered
1:X 05 Oct 2026 14:48:22.463 # +tilt #tilt mode entered
1:X 05 Oct 2026 14:48:32.452 # +tilt #tilt mode entered
1:X 05 Oct 2026 14:48:42.446 # +tilt #tilt mode entered
1:X 05 Oct 2026 14:49:02.482 # +tilt #tilt mode entered
1:X 05 Oct 2026 14:49:12.440 # +tilt #tilt mode entered
1:X 05 Oct 2026 14:49:42.440 # -tilt #tilt mode exited
1:X 05 Oct 2026 14:49:42.411 # +tilt #tilt mode entered
1:X 05 Oct 2026 14:49:52.443 # +tilt #tilt mode entered
1:X 05 Oct 2026 14:50:02.429 # +tilt #tilt mode entered
1:X 05 Oct 2026 14:50:12.456 # +tilt #tilt mode entered
1:X 05 Oct 2026 14:50:22.445 # +tilt #tilt mode entered
1:X 05 Oct 2026 14:50:32.481 # +tilt #tilt mode entered
1:X 05 Oct 2026 14:50:42.415 # +tilt #tilt mode entered
